../Core/Src/tim.c:32:6:MX_TIM3_Init	48	static
../Core/Src/tim.c:76:6:MX_TIM4_Init	56	static
../Core/Src/tim.c:120:6:MX_TIM10_Init	8	static
../Core/Src/tim.c:146:6:HAL_TIM_PWM_MspInit	24	static
../Core/Src/tim.c:162:6:HAL_TIM_Encoder_MspInit	48	static
../Core/Src/tim.c:195:6:HAL_TIM_Base_MspInit	24	static
../Core/Src/tim.c:214:6:HAL_TIM_MspPostInit	40	static
../Core/Src/tim.c:242:6:HAL_TIM_PWM_MspDeInit	16	static
../Core/Src/tim.c:258:6:HAL_TIM_Encoder_MspDeInit	16	static
../Core/Src/tim.c:283:6:HAL_TIM_Base_MspDeInit	16	static
